rgb_lcd.c:48:17:i2c_send_byteS	0	static
rgb_lcd.c:53:17:i2c_send_byteS_rgb	0	static
rgb_lcd.c:285:6:rgb_lcd_setReg	16	static
rgb_lcd.c:58:6:rgb_lcd_setPWM	0	static
rgb_lcd.c:69:9:rgb_lcd_command	16	static
rgb_lcd.c:75:8:rgb_lcd_write	16	static
rgb_lcd.c:147:6:rgb_lcd_clear	8	static
rgb_lcd.c:152:6:rgb_lcd_home	8	static
rgb_lcd.c:157:6:rgb_lcd_setCursor	16	static
rgb_lcd.c:167:6:rgb_lcd_noDisplay	0	static
rgb_lcd.c:172:6:rgb_lcd_display	0	static
rgb_lcd.c:178:6:rgb_lcd_noCursor	0	static
rgb_lcd.c:183:6:rgb_lcd_cursor	0	static
rgb_lcd.c:189:6:rgb_lcd_noBlink	0	static
rgb_lcd.c:193:6:rgb_lcd_blink	0	static
rgb_lcd.c:199:6:rgb_lcd_scrollDisplayLeft	0	static
rgb_lcd.c:202:6:rgb_lcd_scrollDisplayRight	0	static
rgb_lcd.c:207:6:rgb_lcd_leftToRight	0	static
rgb_lcd.c:213:6:rgb_lcd_rightToLeft	0	static
rgb_lcd.c:219:6:rgb_lcd_autoscroll	0	static
rgb_lcd.c:225:6:rgb_lcd_noAutoscroll	0	static
rgb_lcd.c:232:6:rgb_lcd_createChar	24	static
rgb_lcd.c:248:6:rgb_lcd_blinkLED	8	static
rgb_lcd.c:255:6:rgb_lcd_blinkLED_medium	8	static
rgb_lcd.c:262:6:rgb_lcd_noBlinkLED	8	static
rgb_lcd.c:272:6:rgb_lcd_print	40	static
rgb_lcd.c:290:6:rgb_lcd_setRGB	16	static
rgb_lcd.c:61:6:rgb_lcd_setColorAll	0	static
rgb_lcd.c:64:6:rgb_lcd_setColorWhite	0	static
rgb_lcd.c:81:10:rgb_lcd_begin	8	static
rgb_lcd.c:303:6:rgb_lcd_setColor	0	static
