stm32wlxx_nucleo_bus.c:257:9:BSP_I2C2_DeInit	8	static
stm32wlxx_nucleo_bus.c:285:9:BSP_I2C2_IsReady	8	static
stm32wlxx_nucleo_bus.c:306:9:BSP_I2C2_WriteReg	24	static
stm32wlxx_nucleo_bus.c:332:10:BSP_I2C2_ReadReg	24	static
stm32wlxx_nucleo_bus.c:360:9:BSP_I2C2_WriteReg16	24	static
stm32wlxx_nucleo_bus.c:385:10:BSP_I2C2_ReadReg16	24	static
stm32wlxx_nucleo_bus.c:410:9:BSP_I2C2_Send	16	static
stm32wlxx_nucleo_bus.c:435:9:BSP_I2C2_Recv	16	static
stm32wlxx_nucleo_bus.c:510:9:BSP_GetTick	0	static
stm32wlxx_nucleo_bus.c:516:26:MX_I2C2_Init	16	static
stm32wlxx_nucleo_bus.c:211:9:BSP_I2C2_Init	40	static
